[Map]
CameraPosition = (0, 0, -5)
CameraZoom = 1.000000
Differential = false
LayerNumber = 9
ObjectNumber = 24

[ScrollEd]
EncryptSave = false
LayerIndex = 6

[SO:00000000]
Name = Cog5
Position = (-473, -217, 3.33333)
Scale = (1, 1, 1)
Rotation = 0.000000
Smoothing = false
Tiling = false

[SO:00000001]
Name = Cog2
Position = (-388, -132, 3.33333)
Scale = (1, 1, 1)
Rotation = 0.000000
Smoothing = false
Tiling = false

[SO:00000002]
Name = Cog6
Position = (497, 165, 3.33333)
Scale = (1, 1, 1)
Rotation = 0.000000
Smoothing = false
Tiling = false

[SO:00000003]
Name = Cog4
Position = (-321, 179, 3.33333)
Scale = (1, 1, 1)
Rotation = 0.000000
Smoothing = false
Tiling = false

[SO:00000004]
Name = Cog4
Position = (165, -205, 3.33333)
Scale = (1, 1, 1)
Rotation = 0.000000
Smoothing = false
Tiling = false

[SO:00000005]
Name = Cog1
Position = (50, -187, 3.33333)
Scale = (1, 1, 1)
Rotation = 0.000000
Smoothing = false
Tiling = false

[SO:00000007]
Name = Cog2
Position = (249, -122, 3.33333)
Scale = (1, 1, 1)
Rotation = 0.000000
Smoothing = false
Tiling = false

[SO:00000008]
Name = Cog5
Position = (-189, 125, 3.33333)
Scale = (1, 1, 1)
Rotation = 0.000000
Smoothing = false
Tiling = false

[SO:00000009]
Name = Cog1
Position = (388, 70, 3.33333)
Scale = (1, 1, 1)
Rotation = 0.000000
Smoothing = false
Tiling = false

[SO:00000010]
Name = Cog2
Position = (440, -7, 3.33333)
Scale = (1, 1, 1)
Rotation = 0.000000
Smoothing = false
Tiling = false

[SO:00000011]
Name = Cog3
Position = (-291, -150, 3.33333)
Scale = (1, 1, 1)
Rotation = 0.000000
Smoothing = false
Tiling = false

[SO:00000012]
Name = Cog2
Position = (-404, 97, 3.33333)
Scale = (1, 1, 1)
Rotation = 0.000000
Smoothing = false
Tiling = false

[SO:00000013]
Name = PlatformGround
Position = (-0, 384, 2.22222)
Scale = (1, 1, 1)
Rotation = 0.000000
Smoothing = false
Tiling = false

[SO:00000016]
Name = Platform2Stand
Position = (0, 204, 3.33333)
Scale = (1, 1, 1)
Rotation = 0.000000
Smoothing = false
Tiling = false

[SO:00000017]
Name = Platform2
Position = (0, 124, 2.22222)
Scale = (1, 1, 1)
Rotation = 0.000000
Smoothing = false
Tiling = false

[SO:00000018]
Name = Platform1
Position = (-0, -16, 2.22222)
Scale = (1, 1, 1)
Rotation = 0.000000
Smoothing = false
Tiling = false

[SO:00000019]
Name = Platform1
Position = (136, -16, 2.22222)
Scale = (1, 1, 1)
Rotation = 0.000000
Smoothing = false
Tiling = false

[SO:00000020]
Name = Platform1
Position = (-136, -16, 2.22222)
Scale = (1, 1, 1)
Rotation = 0.000000
Smoothing = false
Tiling = false

[SO:00000021]
Name = Platform2
Position = (440, -16, 2.22222)
Scale = (1, 1, 1)
Rotation = 0.000000
Smoothing = false
Tiling = false

[SO:00000022]
Name = Platform2
Position = (-440, -16, 2.22222)
Scale = (1, 1, 1)
Rotation = 0.000000
Smoothing = false
Tiling = false

[SO:00000023]
Name = Platform2
Position = (272, 124, 2.22222)
Scale = (1, 1, 1)
Rotation = 0.000000
Smoothing = false
Tiling = false

[SO:00000024]
Name = Platform2
Position = (272, -168, 2.22222)
Scale = (1, 1, 1)
Rotation = 0.000000
Smoothing = false
Tiling = false

[SO:00000025]
Name = Platform2
Position = (-272, 124, 2.22222)
Scale = (1, 1, 1)
Rotation = 0.000000
Smoothing = false
Tiling = false

[SO:00000026]
Name = Platform2
Position = (-272, -168, 2.22222)
Scale = (1, 1, 1)
Rotation = 0.000000
Smoothing = false
Tiling = false

